Бот запущен.
Группа уведомлений: -5189871998

📥 ВХОДЯЩЕЕ: от Х (ID: 7474037984, @Xalid_lordx) | Текст: "/start" | Состояние: NONE
   ⚙️ Обрабатываем как команду меню.
   📤 БОТ -> ЧАТ 7474037984: "👋 Привет, Х!  👋 Добро пожаловать!  Этот бот предназначен ..."

📥 ВХОДЯЩЕЕ: от Х (ID: 7474037984, @Xalid_lordx) | Текст: "📝 Подать заявку в состав" | Состояние: NONE
   ⚙️ Обрабатываем как команду меню.
   📤 БОТ -> ЧАТ 7474037984: "❓ Неизвестная команда.  👋 Добро пожаловать!  Этот бот пре..."

📥 ВХОДЯЩЕЕ: от Х (ID: 7474037984, @Xalid_lordx) | Текст: "📝 Подать заявку в состав" | Состояние: NONE
   ⚙️ Обрабатываем как команду меню.
   📤 БОТ -> ЧАТ 7474037984: "❓ Неизвестная команда.  👋 Добро пожаловать!  Этот бот пре..."

📥 ВХОДЯЩЕЕ: от Х (ID: 7474037984, @Xalid_lordx) | Текст: "📝 Подать заявку в состав" | Состояние: NONE
   ⚙️ Обрабатываем как команду меню.
   📤 БОТ -> ЧАТ 7474037984: "❓ Неизвестная команда.  👋 Добро пожаловать!  Этот бот пре..."

📥 ВХОДЯЩЕЕ: от Х (ID: 7474037984, @Xalid_lordx) | Текст: "📝 Подать заявку в состав" | Состояние: NONE
   ⚙️ Обрабатываем как команду меню.
   📤 БОТ -> ЧАТ 7474037984: "❓ Неизвестная команда.  👋 Добро пожаловать!  Этот бот пре..."

📥 ВХОДЯЩЕЕ: от Х (ID: 7474037984, @Xalid_lordx) | Текст: "📝 Подать заявку в состав" | Состояние: NONE
   ⚙️ Обрабатываем как команду меню.
   📤 БОТ -> ЧАТ 7474037984: "❓ Неизвестная команда.  👋 Добро пожаловать!  Этот бот пре..."

📥 ВХОДЯЩЕЕ: от Х (ID: 7474037984, @Xalid_lordx) | Текст: "📝 Подать заявку в состав" | Состояние: NONE
   ⚙️ Обрабатываем как команду меню.
   📤 БОТ -> ЧАТ 7474037984: "❓ Неизвестная команда.  👋 Добро пожаловать!  Этот бот пре..."

📥 ВХОДЯЩЕЕ: от Х (ID: 7474037984, @Xalid_lordx) | Текст: "📝 Подать заявку в состав" | Состояние: NONE
   ⚙️ Обрабатываем как команду меню.
   📤 БОТ -> ЧАТ 7474037984: "❓ Неизвестная команда.  👋 Добро пожаловать!  Этот бот пре..."

📥 ВХОДЯЩЕЕ: от Х (ID: 7474037984, @Xalid_lordx) | Текст: "📝 Подать заявку в состав" | Состояние: NONE
   ⚙️ Обрабатываем как команду меню.
   📤 БОТ -> ЧАТ 7474037984: "❓ Неизвестная команда.  👋 Добро пожаловать!  Этот бот пре..."

📥 ВХОДЯЩЕЕ: от Х (ID: 7474037984, @Xalid_lordx) | Текст: "📝 Подать заявку в состав" | Состояние: NONE
   ⚙️ Обрабатываем как команду меню.
   📤 БОТ -> ЧАТ 7474037984: "❓ Неизвестная команда.  👋 Добро пожаловать!  Этот бот пре..."

📥 ВХОДЯЩЕЕ: от Х (ID: 7474037984, @Xalid_lordx) | Текст: "📝 Подать заявку в состав" | Состояние: NONE
   ⚙️ Обрабатываем как команду меню.
   📤 БОТ -> ЧАТ 7474037984: "❓ Неизвестная команда.  👋 Добро пожаловать!  Этот бот пре..."

📥 ВХОДЯЩЕЕ: от Х (ID: 7474037984, @Xalid_lordx) | Текст: "📝 Подать заявку в состав" | Состояние: NONE
   ⚙️ Обрабатываем как команду меню.
   📤 БОТ -> ЧАТ 7474037984: "❓ Неизвестная команда.  👋 Добро пожаловать!  Этот бот пре..."

📥 ВХОДЯЩЕЕ: от Х (ID: 7474037984, @Xalid_lordx) | Текст: "📝 Подать заявку в состав" | Состояние: NONE
   ⚙️ Обрабатываем как команду меню.
   📤 БОТ -> ЧАТ 7474037984: "❓ Неизвестная команда.  👋 Добро пожаловать!  Этот бот пре..."

📥 ВХОДЯЩЕЕ: от Х (ID: 7474037984, @Xalid_lordx) | Текст: "📝 Подать заявку в состав" | Состояние: NONE
   ⚙️ Обрабатываем как команду меню.
   📤 БОТ -> ЧАТ 7474037984: "❓ Неизвестная команда.  👋 Добро пожаловать!  Этот бот пре..."

📥 ВХОДЯЩЕЕ: от Х (ID: 7474037984, @Xalid_lordx) | Текст: "📝 Подать заявку в состав" | Состояние: NONE
   ⚙️ Обрабатываем как команду меню.
   📤 БОТ -> ЧАТ 7474037984: "❓ Неизвестная команда.  👋 Добро пожаловать!  Этот бот пре..."

📥 ВХОДЯЩЕЕ: от Х (ID: 7474037984, @Xalid_lordx) | Текст: "📝 Подать заявку в состав" | Состояние: NONE
   ⚙️ Обрабатываем как команду меню.
   📤 БОТ -> ЧАТ 7474037984: "❓ Неизвестная команда.  👋 Добро пожаловать!  Этот бот пре..."

📥 ВХОДЯЩЕЕ: от Х (ID: 7474037984, @Xalid_lordx) | Текст: "📝 Подать заявку в состав" | Состояние: NONE
   ⚙️ Обрабатываем как команду меню.
   📤 БОТ -> ЧАТ 7474037984: "❓ Неизвестная команда.  👋 Добро пожаловать!  Этот бот пре..."

📥 ВХОДЯЩЕЕ: от Х (ID: 7474037984, @Xalid_lordx) | Текст: "📝 Подать заявку в состав" | Состояние: NONE
   ⚙️ Обрабатываем как команду меню.
   📤 БОТ -> ЧАТ 7474037984: "❓ Неизвестная команда.  👋 Добро пожаловать!  Этот бот пре..."

📥 ВХОДЯЩЕЕ: от Х (ID: 7474037984, @Xalid_lordx) | Текст: "📝 Подать заявку в состав" | Состояние: NONE
   ⚙️ Обрабатываем как команду меню.
   📤 БОТ -> ЧАТ 7474037984: "❓ Неизвестная команда.  👋 Добро пожаловать!  Этот бот пре..."

📥 ВХОДЯЩЕЕ: от Х (ID: 7474037984, @Xalid_lordx) | Текст: "📝 Подать заявку в состав" | Состояние: NONE
   ⚙️ Обрабатываем как команду меню.
   📤 БОТ -> ЧАТ 7474037984: "❓ Неизвестная команда.  👋 Добро пожаловать!  Этот бот пре..."

📥 ВХОДЯЩЕЕ: от Х (ID: 7474037984, @Xalid_lordx) | Текст: "📝 Подать заявку в состав" | Состояние: NONE
   ⚙️ Обрабатываем как команду меню.
   📤 БОТ -> ЧАТ 7474037984: "❓ Неизвестная команда.  👋 Добро пожаловать!  Этот бот пре..."

📥 ВХОДЯЩЕЕ: от Х (ID: 7474037984, @Xalid_lordx) | Текст: "📝 Подать заявку в состав" | Состояние: NONE
   ⚙️ Обрабатываем как команду меню.
   📤 БОТ -> ЧАТ 7474037984: "❓ Неизвестная команда.  👋 Добро пожаловать!  Этот бот пре..."

📥 ВХОДЯЩЕЕ: от Х (ID: 7474037984, @Xalid_lordx) | Текст: "📝 Подать заявку в состав" | Состояние: NONE
   ⚙️ Обрабатываем как команду меню.
   📤 БОТ -> ЧАТ 7474037984: "❓ Неизвестная команда.  👋 Добро пожаловать!  Этот бот пре..."

📥 ВХОДЯЩЕЕ: от Х (ID: 7474037984, @Xalid_lordx) | Текст: "📝 Подать заявку в состав" | Состояние: NONE
   ⚙️ Обрабатываем как команду меню.
   📤 БОТ -> ЧАТ 7474037984: "❓ Неизвестная команда.  👋 Добро пожаловать!  Этот бот пре..."

📥 ВХОДЯЩЕЕ: от Х (ID: 7474037984, @Xalid_lordx) | Текст: "📝 Подать заявку в состав" | Состояние: NONE
   ⚙️ Обрабатываем как команду меню.
   📤 БОТ -> ЧАТ 7474037984: "❓ Неизвестная команда.  👋 Добро пожаловать!  Этот бот пре..."

📥 ВХОДЯЩЕЕ: от Х (ID: 7474037984, @Xalid_lordx) | Текст: "📝 Подать заявку в состав" | Состояние: NONE
   ⚙️ Обрабатываем как команду меню.
   📤 БОТ -> ЧАТ 7474037984: "❓ Неизвестная команда.  👋 Добро пожаловать!  Этот бот пре..."

📥 ВХОДЯЩЕЕ: от Х (ID: 7474037984, @Xalid_lordx) | Текст: "📝 Подать заявку в состав" | Состояние: NONE
   ⚙️ Обрабатываем как команду меню.
   📤 БОТ -> ЧАТ 7474037984: "❓ Неизвестная команда.  👋 Добро пожаловать!  Этот бот пре..."

📥 ВХОДЯЩЕЕ: от Х (ID: 7474037984, @Xalid_lordx) | Текст: "📝 Подать заявку в состав" | Состояние: NONE
   ⚙️ Обрабатываем как команду меню.
   📤 БОТ -> ЧАТ 7474037984: "❓ Неизвестная команда.  👋 Добро пожаловать!  Этот бот пре..."

📥 ВХОДЯЩЕЕ: от Х (ID: 7474037984, @Xalid_lordx) | Текст: "📝 Подать заявку в состав" | Состояние: NONE
   ⚙️ Обрабатываем как команду меню.
   📤 БОТ -> ЧАТ 7474037984: "❓ Неизвестная команда.  👋 Добро пожаловать!  Этот бот пре..."

📥 ВХОДЯЩЕЕ: от Х (ID: 7474037984, @Xalid_lordx) | Текст: "📝 Подать заявку в состав" | Состояние: NONE
   ⚙️ Обрабатываем как команду меню.
   📤 БОТ -> ЧАТ 7474037984: "❓ Неизвестная команда.  👋 Добро пожаловать!  Этот бот пре..."

📥 ВХОДЯЩЕЕ: от Х (ID: 7474037984, @Xalid_lordx) | Текст: "📝 Подать заявку в состав" | Состояние: NONE
   ⚙️ Обрабатываем как команду меню.
   📤 БОТ -> ЧАТ 7474037984: "❓ Неизвестная команда.  👋 Добро пожаловать!  Этот бот пре..."

📥 ВХОДЯЩЕЕ: от Х (ID: 7474037984, @Xalid_lordx) | Текст: "📝 Подать заявку в состав" | Состояние: NONE
   ⚙️ Обрабатываем как команду меню.
   📤 БОТ -> ЧАТ 7474037984: "❓ Неизвестная команда.  👋 Добро пожаловать!  Этот бот пре..."

📥 ВХОДЯЩЕЕ: от Х (ID: 7474037984, @Xalid_lordx) | Текст: "📝 Подать заявку в состав" | Состояние: NONE
   ⚙️ Обрабатываем как команду меню.
   📤 БОТ -> ЧАТ 7474037984: "❓ Неизвестная команда.  👋 Добро пожаловать!  Этот бот пре..."

📥 ВХОДЯЩЕЕ: от Х (ID: 7474037984, @Xalid_lordx) | Текст: "📝 Подать заявку в состав" | Состояние: NONE
   ⚙️ Обрабатываем как команду меню.
   📤 БОТ -> ЧАТ 7474037984: "❓ Неизвестная команда.  👋 Добро пожаловать!  Этот бот пре..."

📥 ВХОДЯЩЕЕ: от Х (ID: 7474037984, @Xalid_lordx) | Текст: "📝 Подать заявку в состав" | Состояние: NONE
   ⚙️ Обрабатываем как команду меню.
   📤 БОТ -> ЧАТ 7474037984: "❓ Неизвестная команда.  👋 Добро пожаловать!  Этот бот пре..."

📥 ВХОДЯЩЕЕ: от ᅠᅠ (ID: 7056191413, @нет) | Текст: "📝 Подать заявку в состав" | Состояние: NONE
   ⚙️ Обрабатываем как команду меню.
   📤 БОТ -> ЧАТ 7056191413: "❓ Неизвестная команда.  👋 Добро пожаловать!  Этот бот пре..."

📥 ВХОДЯЩЕЕ: от ᅠᅠ (ID: 7056191413, @нет) | Текст: "📝 Подать заявку в состав" | Состояние: NONE
   ⚙️ Обрабатываем как команду меню.
   📤 БОТ -> ЧАТ 7056191413: "❓ Неизвестная команда.  👋 Добро пожаловать!  Этот бот пре..."

📥 ВХОДЯЩЕЕ: от ᅠᅠ (ID: 7056191413, @нет) | Текст: "📝 Подать заявку в состав" | Состояние: NONE
   ⚙️ Обрабатываем как команду меню.
   📤 БОТ -> ЧАТ 7056191413: "❓ Неизвестная команда.  👋 Добро пожаловать!  Этот бот пре..."

📥 ВХОДЯЩЕЕ: от ᅠᅠ (ID: 7056191413, @нет) | Текст: "📝 Подать заявку в состав" | Состояние: NONE
   ⚙️ Обрабатываем как команду меню.
   📤 БОТ -> ЧАТ 7056191413: "❓ Неизвестная команда.  👋 Добро пожаловать!  Этот бот пре..."

📥 ВХОДЯЩЕЕ: от ᅠᅠ (ID: 7056191413, @нет) | Текст: "📝 Подать заявку в состав" | Состояние: NONE
   ⚙️ Обрабатываем как команду меню.
   📤 БОТ -> ЧАТ 7056191413: "❓ Неизвестная команда.  👋 Добро пожаловать!  Этот бот пре..."

📥 ВХОДЯЩЕЕ: от ᅠᅠ (ID: 7056191413, @нет) | Текст: "📝 Подать заявку в состав" | Состояние: NONE
   ⚙️ Обрабатываем как команду меню.
   📤 БОТ -> ЧАТ 7056191413: "❓ Неизвестная команда.  👋 Добро пожаловать!  Этот бот пре..."

📥 ВХОДЯЩЕЕ: от ᅠᅠ (ID: 7056191413, @нет) | Текст: "📝 Подать заявку в состав" | Состояние: NONE
   ⚙️ Обрабатываем как команду меню.
   📤 БОТ -> ЧАТ 7056191413: "❓ Неизвестная команда.  👋 Добро пожаловать!  Этот бот пре..."

📥 ВХОДЯЩЕЕ: от ᅠᅠ (ID: 7056191413, @нет) | Текст: "📝 Подать заявку в состав" | Состояние: NONE
   ⚙️ Обрабатываем как команду меню.
   📤 БОТ -> ЧАТ 7056191413: "❓ Неизвестная команда.  👋 Добро пожаловать!  Этот бот пре..."

📥 ВХОДЯЩЕЕ: от ᅠᅠ (ID: 7056191413, @нет) | Текст: "📝 Подать заявку в состав" | Состояние: NONE
   ⚙️ Обрабатываем как команду меню.
   📤 БОТ -> ЧАТ 7056191413: "❓ Неизвестная команда.  👋 Добро пожаловать!  Этот бот пре..."

📥 ВХОДЯЩЕЕ: от ᅠᅠ (ID: 7056191413, @нет) | Текст: "📝 Подать заявку в состав" | Состояние: NONE
   ⚙️ Обрабатываем как команду меню.
   📤 БОТ -> ЧАТ 7056191413: "❓ Неизвестная команда.  👋 Добро пожаловать!  Этот бот пре..."

📥 ВХОДЯЩЕЕ: от ᅠᅠ (ID: 7056191413, @нет) | Текст: "📝 Подать заявку в состав" | Состояние: NONE
   ⚙️ Обрабатываем как команду меню.
   📤 БОТ -> ЧАТ 7056191413: "❓ Неизвестная команда.  👋 Добро пожаловать!  Этот бот пре..."

📥 ВХОДЯЩЕЕ: от ᅠᅠ (ID: 7056191413, @нет) | Текст: "📝 Подать заявку в состав" | Состояние: NONE
   ⚙️ Обрабатываем как команду меню.
   📤 БОТ -> ЧАТ 7056191413: "❓ Неизвестная команда.  👋 Добро пожаловать!  Этот бот пре..."

📥 ВХОДЯЩЕЕ: от ᅠᅠ (ID: 7056191413, @нет) | Текст: "📝 Подать заявку в состав" | Состояние: NONE
   ⚙️ Обрабатываем как команду меню.
   📤 БОТ -> ЧАТ 7056191413: "❓ Неизвестная команда.  👋 Добро пожаловать!  Этот бот пре..."

📥 ВХОДЯЩЕЕ: от ᅠᅠ (ID: 7056191413, @нет) | Текст: "📝 Подать заявку в состав" | Состояние: NONE
   ⚙️ Обрабатываем как команду меню.
   📤 БОТ -> ЧАТ 7056191413: "❓ Неизвестная команда.  👋 Добро пожаловать!  Этот бот пре..."

📥 ВХОДЯЩЕЕ: от ᅠᅠ (ID: 7056191413, @нет) | Текст: "📝 Подать заявку в состав" | Состояние: NONE
   ⚙️ Обрабатываем как команду меню.
   📤 БОТ -> ЧАТ 7056191413: "❓ Неизвестная команда.  👋 Добро пожаловать!  Этот бот пре..."

📥 ВХОДЯЩЕЕ: от ᅠᅠ (ID: 7056191413, @нет) | Текст: "📝 Подать заявку в состав" | Состояние: NONE
   ⚙️ Обрабатываем как команду меню.
   📤 БОТ -> ЧАТ 7056191413: "❓ Неизвестная команда.  👋 Добро пожаловать!  Этот бот пре..."

📥 ВХОДЯЩЕЕ: от ᅠᅠ (ID: 7056191413, @нет) | Текст: "📝 Подать заявку в состав" | Состояние: NONE
   ⚙️ Обрабатываем как команду меню.
   📤 БОТ -> ЧАТ 7056191413: "❓ Неизвестная команда.  👋 Добро пожаловать!  Этот бот пре..."

📥 ВХОДЯЩЕЕ: от ᅠᅠ (ID: 7056191413, @нет) | Текст: "📝 Подать заявку в состав" | Состояние: NONE
   ⚙️ Обрабатываем как команду меню.
   📤 БОТ -> ЧАТ 7056191413: "❓ Неизвестная команда.  👋 Добро пожаловать!  Этот бот пре..."

📥 ВХОДЯЩЕЕ: от ᅠᅠ (ID: 7056191413, @нет) | Текст: "📝 Подать заявку в состав" | Состояние: NONE
   ⚙️ Обрабатываем как команду меню.
   📤 БОТ -> ЧАТ 7056191413: "❓ Неизвестная команда.  👋 Добро пожаловать!  Этот бот пре..."

📥 ВХОДЯЩЕЕ: от Х (ID: 7474037984, @Xalid_lordx) | Текст: "отмена" | Состояние: NONE
   ⚙️ Пользователь 7474037984 запросил отмену.
   📤 БОТ -> ЧАТ 7474037984: "❌ Действие отменено.  👋 Добро пожаловать!  Этот бот предн..."

📥 ВХОДЯЩЕЕ: от Х (ID: 7474037984, @Xalid_lordx) | Текст: "📝 Зарегистрироваться" | Состояние: NONE
   ⚙️ Обрабатываем как команду меню.
   📤 БОТ -> ЧАТ 7474037984: "📝 *Регистрация — Шаг 1 из 3*  Придумайте *логин* для вход..."

📥 ВХОДЯЩЕЕ: от Х (ID: 7474037984, @Xalid_lordx) | Текст: "❌ Отмена" | Состояние: REG_USERNAME
   ⚙️ Пользователь 7474037984 запросил отмену.
   📤 БОТ -> ЧАТ 7474037984: "❌ Действие отменено.  👋 Добро пожаловать!  Этот бот предн..."

📥 ВХОДЯЩЕЕ: от Х (ID: 7474037984, @Xalid_lordx) | Текст: "📝 Зарегистрироваться" | Состояние: NONE
   ⚙️ Обрабатываем как команду меню.
   📤 БОТ -> ЧАТ 7474037984: "📝 *Регистрация — Шаг 1 из 3*  Придумайте *логин* для вход..."

📥 ВХОДЯЩЕЕ: от Х (ID: 7474037984, @Xalid_lordx) | Текст: "inter" | Состояние: REG_USERNAME
   ⚙️ Обрабатываем шаг анкеты/формы.
   📤 БОТ -> ЧАТ 7474037984: "✅ Логин: `inter`  📝 *Регистрация — Шаг 2 из 3*  Придумайт..."

📥 ВХОДЯЩЕЕ: от Х (ID: 7474037984, @Xalid_lordx) | Текст: "123456" | Состояние: REG_PASSWORD
   ⚙️ Обрабатываем шаг анкеты/формы.
   📤 БОТ -> ЧАТ 7474037984: "📝 *Регистрация — Шаг 3 из 3*  Повторите пароль для подтве..."

📥 ВХОДЯЩЕЕ: от Х (ID: 7474037984, @Xalid_lordx) | Текст: "123456" | Состояние: REG_CONFIRM
   ⚙️ Обрабатываем шаг анкеты/формы.
   📤 БОТ -> ЧАТ 7474037984: "🎉 *Регистрация завершена!*  Ваш логин: `inter` Ваш пароль..."
   📤 БОТ -> ЧАТ -5189871998: "🔔 *Новая регистрация на сайте!*  👤 Имя в TG: `7474037984`..."

📥 ВХОДЯЩЕЕ: от ᅠᅠ (ID: 7056191413, @нет) | Текст: "отмена" | Состояние: NONE
   ⚙️ Пользователь 7056191413 запросил отмену.
   📤 БОТ -> ЧАТ 7056191413: "❌ Действие отменено.  👋 Добро пожаловать!  Этот бот предн..."

📥 ВХОДЯЩЕЕ: от ᅠᅠ (ID: 7056191413, @нет) | Текст: "🔑 Сменить пароль" | Состояние: NONE
   ⚙️ Обрабатываем как команду меню.
   📤 БОТ -> ЧАТ 7056191413: "🔑 *Смена пароля*  Аккаунт: `5960282670`  Введите *новый п..."

📥 ВХОДЯЩЕЕ: от ᅠᅠ (ID: 7056191413, @нет) | Текст: "123456" | Состояние: RESET_PASSWORD
   ⚙️ Обрабатываем шаг анкеты/формы.
   📤 БОТ -> ЧАТ 7056191413: "🔑 Повторите новый пароль для подтверждения:"

📥 ВХОДЯЩЕЕ: от ᅠᅠ (ID: 7056191413, @нет) | Текст: "123456" | Состояние: RESET_CONFIRM
   ⚙️ Обрабатываем шаг анкеты/формы.
   📤 БОТ -> ЧАТ 7056191413: "✅ *Пароль успешно изменён!*  Логин: `5960282670` Новый па..."
   📤 БОТ -> ЧАТ -5189871998: "🔔 Пользователь `5960282670` сменил пароль на сайте."
